192.168.10.208 - - [04/Dec/2019:16:17:39 +0800] "GET /nacos/v1/cs/health HTTP/1.1" 200 2 193
192.168.10.208 - - [04/Dec/2019:16:17:43 +0800] "GET /nacos/v1/cs/health HTTP/1.1" 200 2 4
192.168.10.208 - - [04/Dec/2019:16:17:48 +0800] "GET /nacos/v1/cs/health HTTP/1.1" 200 2 5
192.168.10.208 - - [04/Dec/2019:16:17:53 +0800] "GET /nacos/v1/cs/health HTTP/1.1" 200 2 4
192.168.10.208 - - [04/Dec/2019:16:18:19 +0800] "GET /nacos/v1/cs/health HTTP/1.1" 200 2 212
0:0:0:0:0:0:0:1 - - [04/Dec/2019:16:18:23 +0800] "GET / HTTP/1.1" 404 796 7
0:0:0:0:0:0:0:1 - - [04/Dec/2019:16:18:23 +0800] "GET /favicon.ico HTTP/1.1" 404 796 0
192.168.10.208 - - [04/Dec/2019:16:18:24 +0800] "GET /nacos/v1/cs/health HTTP/1.1" 200 2 4
0:0:0:0:0:0:0:1 - - [04/Dec/2019:16:18:27 +0800] "GET /nacos HTTP/1.1" 302 - 0
0:0:0:0:0:0:0:1 - - [04/Dec/2019:16:18:27 +0800] "GET /nacos/ HTTP/1.1" 200 2611 32
0:0:0:0:0:0:0:1 - - [04/Dec/2019:16:18:27 +0800] "GET /nacos/console-fe/public/css/codemirror.css HTTP/1.1" 200 8849 11
0:0:0:0:0:0:0:1 - - [04/Dec/2019:16:18:27 +0800] "GET /nacos/console-fe/public/css/icon.css HTTP/1.1" 200 5166 10
0:0:0:0:0:0:0:1 - - [04/Dec/2019:16:18:27 +0800] "GET /nacos/console-fe/public/css/bootstrap.css HTTP/1.1" 200 123285 12
0:0:0:0:0:0:0:1 - - [04/Dec/2019:16:18:27 +0800] "GET /nacos/console-fe/public/css/console1412.css HTTP/1.1" 200 156959 11
0:0:0:0:0:0:0:1 - - [04/Dec/2019:16:18:27 +0800] "GET /nacos/console-fe/public/css/font-awesome.css HTTP/1.1" 200 33841 11
0:0:0:0:0:0:0:1 - - [04/Dec/2019:16:18:27 +0800] "GET /nacos/console-fe/public/css/merge.css HTTP/1.1" 200 3857 12
0:0:0:0:0:0:0:1 - - [04/Dec/2019:16:18:27 +0800] "GET /nacos/console-fe/public/js/xml.js HTTP/1.1" 200 13050 7
0:0:0:0:0:0:0:1 - - [04/Dec/2019:16:18:27 +0800] "GET /nacos/console-fe/public/js/codemirror.addone.fullscreen.js HTTP/1.1" 200 1973 6
0:0:0:0:0:0:0:1 - - [04/Dec/2019:16:18:27 +0800] "GET /nacos/console-fe/public/js/javascript.js HTTP/1.1" 200 32200 7
0:0:0:0:0:0:0:1 - - [04/Dec/2019:16:18:27 +0800] "GET /nacos/console-fe/public/js/jquery.js HTTP/1.1" 200 86658 9
0:0:0:0:0:0:0:1 - - [04/Dec/2019:16:18:27 +0800] "GET /nacos/css/main.css HTTP/1.1" 200 376874 12
0:0:0:0:0:0:0:1 - - [04/Dec/2019:16:18:27 +0800] "GET /nacos/console-fe/public/js/codemirror.js HTTP/1.1" 200 366237 11
0:0:0:0:0:0:0:1 - - [04/Dec/2019:16:18:27 +0800] "GET /nacos/console-fe/public/js/codemirror.lib.json-lint.js HTTP/1.1" 200 16797 8
0:0:0:0:0:0:0:1 - - [04/Dec/2019:16:18:27 +0800] "GET /nacos/console-fe/public/js/codemirror.addone.lint.js HTTP/1.1" 200 8511 8
0:0:0:0:0:0:0:1 - - [04/Dec/2019:16:18:27 +0800] "GET /nacos/console-fe/public/js/codemirror.lib.clike-lint.js HTTP/1.1" 200 31521 7
0:0:0:0:0:0:0:1 - - [04/Dec/2019:16:18:27 +0800] "GET /nacos/console-fe/public/js/diff_match_patch.js HTTP/1.1" 200 19192 6
0:0:0:0:0:0:0:1 - - [04/Dec/2019:16:18:27 +0800] "GET /nacos/console-fe/public/js/codemirror.addone.json-lint.js HTTP/1.1" 200 1433 9
0:0:0:0:0:0:0:1 - - [04/Dec/2019:16:18:27 +0800] "GET /nacos/console-fe/public/js/merge.js HTTP/1.1" 200 37874 7
0:0:0:0:0:0:0:1 - - [04/Dec/2019:16:18:27 +0800] "GET /nacos/console-fe/public/js/loader.js HTTP/1.1" 200 28899 5
0:0:0:0:0:0:0:1 - - [04/Dec/2019:16:18:27 +0800] "GET /nacos/js/main.js HTTP/1.1" 200 1413779 41
0:0:0:0:0:0:0:1 - - [04/Dec/2019:16:18:27 +0800] "GET /nacos/img/logo-2000-390.svg HTTP/1.1" 200 2106 5
0:0:0:0:0:0:0:1 - - [04/Dec/2019:16:18:27 +0800] "GET /nacos/v1/console/server/state HTTP/1.1" 200 82 14
0:0:0:0:0:0:0:1 - - [04/Dec/2019:16:18:27 +0800] "GET /nacos/console-fe/public/js/vs/editor/editor.main.js HTTP/1.1" 200 1824086 110
0:0:0:0:0:0:0:1 - - [04/Dec/2019:16:18:27 +0800] "GET /nacos/v1/console/namespaces?namespaceId= HTTP/1.1" 401 154 35
0:0:0:0:0:0:0:1 - - [04/Dec/2019:16:18:27 +0800] "GET /nacos/console-fe/public/icons/icon-font.woff HTTP/1.1" 200 5504 11
0:0:0:0:0:0:0:1 - - [04/Dec/2019:16:18:27 +0800] "GET /nacos/console-fe/public/js/vs/editor/editor.main.css HTTP/1.1" 200 172199 5
0:0:0:0:0:0:0:1 - - [04/Dec/2019:16:18:27 +0800] "GET /nacos/console-fe/public/js/vs/editor/editor.main.nls.zh-cn.js HTTP/1.1" 200 22854 4
0:0:0:0:0:0:0:1 - - [04/Dec/2019:16:18:27 +0800] "GET /nacos/console-fe/public/css/fonts/aliyun-console-font.ttf?t91au5 HTTP/1.1" 200 169536 5
0:0:0:0:0:0:0:1 - - [04/Dec/2019:16:18:27 +0800] "GET /nacos/v1/cs/configs?search=accurate&dataId=&group=&appName=&config_tags=&pageNo=1&pageSize=10&tenant=&namespaceId= HTTP/1.1" 200 - 45
0:0:0:0:0:0:0:1 - - [04/Dec/2019:16:18:28 +0800] "GET /nacos/img/nacos.png HTTP/1.1" 200 3588 4
0:0:0:0:0:0:0:1 - - [04/Dec/2019:16:18:28 +0800] "GET /nacos/img/black_dot.png HTTP/1.1" 200 114 4
0:0:0:0:0:0:0:1 - - [04/Dec/2019:16:18:28 +0800] "GET /nacos/console-fe/public/img/favicon.ico HTTP/1.1" 200 4286 9
192.168.10.208 - - [04/Dec/2019:16:18:29 +0800] "GET /nacos/v1/cs/health HTTP/1.1" 200 2 4
0:0:0:0:0:0:0:1 - - [04/Dec/2019:16:18:32 +0800] "POST /nacos/v1/auth/login HTTP/1.1" 200 176 208
0:0:0:0:0:0:0:1 - - [04/Dec/2019:16:18:32 +0800] "GET /nacos/v1/console/server/state HTTP/1.1" 200 82 2
0:0:0:0:0:0:0:1 - - [04/Dec/2019:16:18:32 +0800] "GET /nacos/v1/console/namespaces?namespaceId= HTTP/1.1" 200 130 39
0:0:0:0:0:0:0:1 - - [04/Dec/2019:16:18:32 +0800] "GET /nacos/v1/cs/configs?search=accurate&dataId=&group=&appName=&config_tags=&pageNo=1&pageSize=10&tenant=&namespaceId= HTTP/1.1" 200 - 4
192.168.10.208 - - [04/Dec/2019:16:18:34 +0800] "GET /nacos/v1/cs/health HTTP/1.1" 200 2 2
0:0:0:0:0:0:0:1 - - [04/Dec/2019:16:18:35 +0800] "GET /nacos/v1/cs/configs?search=accurate&dataId=&group=&appName=&config_tags=&pageNo=1&pageSize=10&tenant=&namespaceId= HTTP/1.1" 200 - 4
192.168.10.208 - - [04/Dec/2019:16:18:39 +0800] "GET /nacos/v1/cs/health HTTP/1.1" 200 2 2
0:0:0:0:0:0:0:1 - - [04/Dec/2019:16:18:40 +0800] "GET /nacos/v1/ns/operator/cluster/states?withInstances=false&pageNo=1&pageSize=10&keyword=&namespaceId= HTTP/1.1" 200 172 14
192.168.10.208 - - [04/Dec/2019:16:18:44 +0800] "GET /nacos/v1/cs/health HTTP/1.1" 200 2 2
192.168.10.208 - - [04/Dec/2019:16:18:49 +0800] "GET /nacos/v1/cs/health HTTP/1.1" 200 2 1
192.168.10.208 - - [04/Dec/2019:16:18:54 +0800] "GET /nacos/v1/cs/health HTTP/1.1" 200 2 2
192.168.10.208 - - [04/Dec/2019:16:18:59 +0800] "GET /nacos/v1/cs/health HTTP/1.1" 200 2 2
192.168.10.208 - - [04/Dec/2019:16:19:04 +0800] "GET /nacos/v1/cs/health HTTP/1.1" 200 2 2
192.168.10.208 - - [04/Dec/2019:16:19:09 +0800] "GET /nacos/v1/cs/health HTTP/1.1" 200 2 1
192.168.10.208 - - [04/Dec/2019:16:19:14 +0800] "GET /nacos/v1/cs/health HTTP/1.1" 200 2 3
192.168.10.208 - - [04/Dec/2019:16:19:19 +0800] "GET /nacos/v1/cs/health HTTP/1.1" 200 2 1
192.168.10.208 - - [04/Dec/2019:16:19:24 +0800] "GET /nacos/v1/cs/health HTTP/1.1" 200 2 4
192.168.10.208 - - [04/Dec/2019:16:19:29 +0800] "GET /nacos/v1/cs/health HTTP/1.1" 200 2 1
192.168.10.208 - - [04/Dec/2019:16:19:34 +0800] "GET /nacos/v1/cs/health HTTP/1.1" 200 2 2
192.168.10.208 - - [04/Dec/2019:16:19:39 +0800] "GET /nacos/v1/cs/health HTTP/1.1" 200 2 2
192.168.10.208 - - [04/Dec/2019:16:19:44 +0800] "GET /nacos/v1/cs/health HTTP/1.1" 200 2 1
192.168.10.208 - - [04/Dec/2019:16:19:49 +0800] "GET /nacos/v1/cs/health HTTP/1.1" 200 2 2
192.168.10.208 - - [04/Dec/2019:16:19:54 +0800] "GET /nacos/v1/cs/health HTTP/1.1" 200 2 5
192.168.10.208 - - [04/Dec/2019:16:19:59 +0800] "GET /nacos/v1/cs/health HTTP/1.1" 200 2 2
192.168.10.208 - - [04/Dec/2019:16:20:04 +0800] "GET /nacos/v1/cs/health HTTP/1.1" 200 2 2
192.168.10.208 - - [04/Dec/2019:16:20:09 +0800] "GET /nacos/v1/cs/health HTTP/1.1" 200 2 2
127.0.0.1 - - [04/Dec/2019:16:20:13 +0800] "GET /nacos/v1/ns/service/list?app=simple4h-product&pageSize=2147483647&groupName=DEFAULT_GROUP&encoding=UTF-8&namespaceId=public&pageNo=1 HTTP/1.1" 200 32 3
127.0.0.1 - - [04/Dec/2019:16:20:13 +0800] "POST /nacos/v1/ns/instance?app=simple4h-product&metadata=%7B%22preserved.register.source%22%3A%22SPRING_CLOUD%22%7D&ip=192.168.10.208&weight=1.0&ephemeral=true&serviceName=DEFAULT_GROUP%40%40simple4h-product&encoding=UTF-8&groupName=DEFAULT_GROUP&namespaceId=public&port=9000&enable=true&healthy=true&clusterName=DEFAULT HTTP/1.1" 200 2 28
192.168.10.208 - - [04/Dec/2019:16:20:14 +0800] "GET /nacos/v1/cs/health HTTP/1.1" 200 2 2
127.0.0.1 - - [04/Dec/2019:16:20:17 +0800] "GET /nacos/v1/ns/service/list?app=simple4h-user&pageSize=2147483647&groupName=DEFAULT_GROUP&encoding=UTF-8&namespaceId=public&pageNo=1 HTTP/1.1" 200 50 2
127.0.0.1 - - [04/Dec/2019:16:20:17 +0800] "GET /nacos/v1/ns/instance/list?app=simple4h-user&healthyOnly=false&namespaceId=public&clientIP=192.168.10.208&serviceName=DEFAULT_GROUP%40%40simple4h-product&udpPort=63919&encoding=UTF-8 HTTP/1.1" 200 586 5
127.0.0.1 - - [04/Dec/2019:16:20:17 +0800] "POST /nacos/v1/ns/instance?app=simple4h-user&metadata=%7B%22preserved.register.source%22%3A%22SPRING_CLOUD%22%7D&ip=192.168.10.208&weight=1.0&ephemeral=true&serviceName=DEFAULT_GROUP%40%40simple4h-user&encoding=UTF-8&groupName=DEFAULT_GROUP&namespaceId=public&port=8000&enable=true&healthy=true&clusterName=DEFAULT HTTP/1.1" 200 2 3
127.0.0.1 - - [04/Dec/2019:16:20:18 +0800] "PUT /nacos/v1/ns/instance/beat?beat=%7B%22cluster%22%3A%22DEFAULT%22%2C%22ip%22%3A%22192.168.10.208%22%2C%22metadata%22%3A%7B%22preserved.register.source%22%3A%22SPRING_CLOUD%22%7D%2C%22period%22%3A5000%2C%22port%22%3A9000%2C%22scheduled%22%3Afalse%2C%22serviceName%22%3A%22DEFAULT_GROUP%40%40simple4h-product%22%2C%22stopped%22%3Afalse%2C%22weight%22%3A1.0%7D&app=simple4h-product&serviceName=DEFAULT_GROUP%40%40simple4h-product&encoding=UTF-8&namespaceId=public HTTP/1.1" 200 38 9
127.0.0.1 - - [04/Dec/2019:16:20:18 +0800] "GET /nacos/v1/ns/instance/list?app=simple4h-user&healthyOnly=false&namespaceId=public&clientIP=192.168.10.208&serviceName=DEFAULT_GROUP%40%40simple4h-product&udpPort=63919&encoding=UTF-8 HTTP/1.1" 200 586 2
192.168.10.208 - - [04/Dec/2019:16:20:19 +0800] "GET /nacos/v1/cs/health HTTP/1.1" 200 2 1
0:0:0:0:0:0:0:1 - - [04/Dec/2019:16:20:21 +0800] "GET /nacos/v1/console/namespaces?namespaceId= HTTP/1.1" 200 130 6
127.0.0.1 - - [04/Dec/2019:16:20:22 +0800] "PUT /nacos/v1/ns/instance/beat?beat=%7B%22cluster%22%3A%22DEFAULT%22%2C%22ip%22%3A%22192.168.10.208%22%2C%22metadata%22%3A%7B%22preserved.register.source%22%3A%22SPRING_CLOUD%22%7D%2C%22period%22%3A5000%2C%22port%22%3A8000%2C%22scheduled%22%3Afalse%2C%22serviceName%22%3A%22DEFAULT_GROUP%40%40simple4h-user%22%2C%22stopped%22%3Afalse%2C%22weight%22%3A1.0%7D&app=simple4h-user&serviceName=DEFAULT_GROUP%40%40simple4h-user&encoding=UTF-8&namespaceId=public HTTP/1.1" 200 38 3
127.0.0.1 - - [04/Dec/2019:16:20:23 +0800] "PUT /nacos/v1/ns/instance/beat?beat=%7B%22cluster%22%3A%22DEFAULT%22%2C%22ip%22%3A%22192.168.10.208%22%2C%22metadata%22%3A%7B%22preserved.register.source%22%3A%22SPRING_CLOUD%22%7D%2C%22period%22%3A5000%2C%22port%22%3A9000%2C%22scheduled%22%3Afalse%2C%22serviceName%22%3A%22DEFAULT_GROUP%40%40simple4h-product%22%2C%22stopped%22%3Afalse%2C%22weight%22%3A1.0%7D&app=simple4h-product&serviceName=DEFAULT_GROUP%40%40simple4h-product&encoding=UTF-8&namespaceId=public HTTP/1.1" 200 38 3
0:0:0:0:0:0:0:1 - - [04/Dec/2019:16:20:24 +0800] "GET /nacos/v1/ns/operator/cluster/states?withInstances=false&pageNo=1&pageSize=10&keyword=&namespaceId= HTTP/1.1" 200 172 3
192.168.10.208 - - [04/Dec/2019:16:20:24 +0800] "GET /nacos/v1/cs/health HTTP/1.1" 200 2 1
0:0:0:0:0:0:0:1 - - [04/Dec/2019:16:20:25 +0800] "GET /nacos/v1/cs/configs?search=accurate&dataId=&group=&appName=&config_tags=&pageNo=1&pageSize=10&tenant=&namespaceId= HTTP/1.1" 200 - 3
0:0:0:0:0:0:0:1 - - [04/Dec/2019:16:20:26 +0800] "GET /nacos/v1/console/namespaces?namespaceId= HTTP/1.1" 200 130 7
127.0.0.1 - - [04/Dec/2019:16:20:27 +0800] "PUT /nacos/v1/ns/instance/beat?beat=%7B%22cluster%22%3A%22DEFAULT%22%2C%22ip%22%3A%22192.168.10.208%22%2C%22metadata%22%3A%7B%22preserved.register.source%22%3A%22SPRING_CLOUD%22%7D%2C%22period%22%3A5000%2C%22port%22%3A8000%2C%22scheduled%22%3Afalse%2C%22serviceName%22%3A%22DEFAULT_GROUP%40%40simple4h-user%22%2C%22stopped%22%3Afalse%2C%22weight%22%3A1.0%7D&app=simple4h-user&serviceName=DEFAULT_GROUP%40%40simple4h-user&encoding=UTF-8&namespaceId=public HTTP/1.1" 200 38 2
0:0:0:0:0:0:0:1 - - [04/Dec/2019:16:20:28 +0800] "GET /nacos/v1/ns/catalog/services?hasIpCount=true&withInstances=false&pageNo=1&pageSize=10&serviceNameParam=&groupNameParam=&namespaceId= HTTP/1.1" 200 300 7
127.0.0.1 - - [04/Dec/2019:16:20:28 +0800] "PUT /nacos/v1/ns/instance/beat?beat=%7B%22cluster%22%3A%22DEFAULT%22%2C%22ip%22%3A%22192.168.10.208%22%2C%22metadata%22%3A%7B%22preserved.register.source%22%3A%22SPRING_CLOUD%22%7D%2C%22period%22%3A5000%2C%22port%22%3A9000%2C%22scheduled%22%3Afalse%2C%22serviceName%22%3A%22DEFAULT_GROUP%40%40simple4h-product%22%2C%22stopped%22%3Afalse%2C%22weight%22%3A1.0%7D&app=simple4h-product&serviceName=DEFAULT_GROUP%40%40simple4h-product&encoding=UTF-8&namespaceId=public HTTP/1.1" 200 38 2
127.0.0.1 - - [04/Dec/2019:16:20:28 +0800] "GET /nacos/v1/ns/instance/list?app=simple4h-user&healthyOnly=false&namespaceId=public&clientIP=192.168.10.208&serviceName=DEFAULT_GROUP%40%40simple4h-product&udpPort=63919&encoding=UTF-8 HTTP/1.1" 200 586 3
0:0:0:0:0:0:0:1 - - [04/Dec/2019:16:20:29 +0800] "GET /nacos/v1/console/namespaces?namespaceId= HTTP/1.1" 200 130 4
192.168.10.208 - - [04/Dec/2019:16:20:29 +0800] "GET /nacos/v1/cs/health HTTP/1.1" 200 2 1
0:0:0:0:0:0:0:1 - - [04/Dec/2019:16:20:30 +0800] "GET /nacos/v1/ns/catalog/services?hasIpCount=true&withInstances=false&pageNo=1&pageSize=10&serviceNameParam=&groupNameParam=&namespaceId= HTTP/1.1" 200 300 3
127.0.0.1 - - [04/Dec/2019:16:20:32 +0800] "PUT /nacos/v1/ns/instance/beat?beat=%7B%22cluster%22%3A%22DEFAULT%22%2C%22ip%22%3A%22192.168.10.208%22%2C%22metadata%22%3A%7B%22preserved.register.source%22%3A%22SPRING_CLOUD%22%7D%2C%22period%22%3A5000%2C%22port%22%3A8000%2C%22scheduled%22%3Afalse%2C%22serviceName%22%3A%22DEFAULT_GROUP%40%40simple4h-user%22%2C%22stopped%22%3Afalse%2C%22weight%22%3A1.0%7D&app=simple4h-user&serviceName=DEFAULT_GROUP%40%40simple4h-user&encoding=UTF-8&namespaceId=public HTTP/1.1" 200 38 2
127.0.0.1 - - [04/Dec/2019:16:20:33 +0800] "PUT /nacos/v1/ns/instance/beat?beat=%7B%22cluster%22%3A%22DEFAULT%22%2C%22ip%22%3A%22192.168.10.208%22%2C%22metadata%22%3A%7B%22preserved.register.source%22%3A%22SPRING_CLOUD%22%7D%2C%22period%22%3A5000%2C%22port%22%3A9000%2C%22scheduled%22%3Afalse%2C%22serviceName%22%3A%22DEFAULT_GROUP%40%40simple4h-product%22%2C%22stopped%22%3Afalse%2C%22weight%22%3A1.0%7D&app=simple4h-product&serviceName=DEFAULT_GROUP%40%40simple4h-product&encoding=UTF-8&namespaceId=public HTTP/1.1" 200 38 2
192.168.10.208 - - [04/Dec/2019:16:20:34 +0800] "GET /nacos/v1/cs/health HTTP/1.1" 200 2 2
127.0.0.1 - - [04/Dec/2019:16:20:38 +0800] "PUT /nacos/v1/ns/instance/beat?beat=%7B%22cluster%22%3A%22DEFAULT%22%2C%22ip%22%3A%22192.168.10.208%22%2C%22metadata%22%3A%7B%22preserved.register.source%22%3A%22SPRING_CLOUD%22%7D%2C%22period%22%3A5000%2C%22port%22%3A8000%2C%22scheduled%22%3Afalse%2C%22serviceName%22%3A%22DEFAULT_GROUP%40%40simple4h-user%22%2C%22stopped%22%3Afalse%2C%22weight%22%3A1.0%7D&app=simple4h-user&serviceName=DEFAULT_GROUP%40%40simple4h-user&encoding=UTF-8&namespaceId=public HTTP/1.1" 200 38 4
127.0.0.1 - - [04/Dec/2019:16:20:38 +0800] "PUT /nacos/v1/ns/instance/beat?beat=%7B%22cluster%22%3A%22DEFAULT%22%2C%22ip%22%3A%22192.168.10.208%22%2C%22metadata%22%3A%7B%22preserved.register.source%22%3A%22SPRING_CLOUD%22%7D%2C%22period%22%3A5000%2C%22port%22%3A9000%2C%22scheduled%22%3Afalse%2C%22serviceName%22%3A%22DEFAULT_GROUP%40%40simple4h-product%22%2C%22stopped%22%3Afalse%2C%22weight%22%3A1.0%7D&app=simple4h-product&serviceName=DEFAULT_GROUP%40%40simple4h-product&encoding=UTF-8&namespaceId=public HTTP/1.1" 200 38 2
127.0.0.1 - - [04/Dec/2019:16:20:39 +0800] "GET /nacos/v1/ns/instance/list?app=simple4h-user&healthyOnly=false&namespaceId=public&clientIP=192.168.10.208&serviceName=DEFAULT_GROUP%40%40simple4h-product&udpPort=63919&encoding=UTF-8 HTTP/1.1" 200 586 3
192.168.10.208 - - [04/Dec/2019:16:20:39 +0800] "GET /nacos/v1/cs/health HTTP/1.1" 200 2 1
127.0.0.1 - - [04/Dec/2019:16:20:43 +0800] "PUT /nacos/v1/ns/instance/beat?beat=%7B%22cluster%22%3A%22DEFAULT%22%2C%22ip%22%3A%22192.168.10.208%22%2C%22metadata%22%3A%7B%22preserved.register.source%22%3A%22SPRING_CLOUD%22%7D%2C%22period%22%3A5000%2C%22port%22%3A8000%2C%22scheduled%22%3Afalse%2C%22serviceName%22%3A%22DEFAULT_GROUP%40%40simple4h-user%22%2C%22stopped%22%3Afalse%2C%22weight%22%3A1.0%7D&app=simple4h-user&serviceName=DEFAULT_GROUP%40%40simple4h-user&encoding=UTF-8&namespaceId=public HTTP/1.1" 200 38 2
127.0.0.1 - - [04/Dec/2019:16:20:43 +0800] "GET /nacos/v1/ns/service/list?app=simple4h-product&pageSize=2147483647&groupName=DEFAULT_GROUP&encoding=UTF-8&namespaceId=public&pageNo=1 HTTP/1.1" 200 66 2
127.0.0.1 - - [04/Dec/2019:16:20:43 +0800] "GET /nacos/v1/ns/instance/list?app=simple4h-product&healthyOnly=false&namespaceId=public&clientIP=192.168.10.208&serviceName=DEFAULT_GROUP%40%40simple4h-product&udpPort=63918&encoding=UTF-8 HTTP/1.1" 200 586 1
127.0.0.1 - - [04/Dec/2019:16:20:43 +0800] "GET /nacos/v1/ns/instance/list?app=simple4h-product&healthyOnly=false&namespaceId=public&clientIP=192.168.10.208&serviceName=DEFAULT_GROUP%40%40simple4h-user&udpPort=63918&encoding=UTF-8 HTTP/1.1" 200 574 2
127.0.0.1 - - [04/Dec/2019:16:20:43 +0800] "PUT /nacos/v1/ns/instance/beat?beat=%7B%22cluster%22%3A%22DEFAULT%22%2C%22ip%22%3A%22192.168.10.208%22%2C%22metadata%22%3A%7B%22preserved.register.source%22%3A%22SPRING_CLOUD%22%7D%2C%22period%22%3A5000%2C%22port%22%3A9000%2C%22scheduled%22%3Afalse%2C%22serviceName%22%3A%22DEFAULT_GROUP%40%40simple4h-product%22%2C%22stopped%22%3Afalse%2C%22weight%22%3A1.0%7D&app=simple4h-product&serviceName=DEFAULT_GROUP%40%40simple4h-product&encoding=UTF-8&namespaceId=public HTTP/1.1" 200 38 3
192.168.10.208 - - [04/Dec/2019:16:20:44 +0800] "GET /nacos/v1/cs/health HTTP/1.1" 200 2 2
127.0.0.1 - - [04/Dec/2019:16:20:44 +0800] "GET /nacos/v1/ns/instance/list?app=simple4h-product&healthyOnly=false&namespaceId=public&clientIP=192.168.10.208&serviceName=DEFAULT_GROUP%40%40simple4h-product&udpPort=63918&encoding=UTF-8 HTTP/1.1" 200 586 4
127.0.0.1 - - [04/Dec/2019:16:20:44 +0800] "GET /nacos/v1/ns/instance/list?app=simple4h-product&healthyOnly=false&namespaceId=public&clientIP=192.168.10.208&serviceName=DEFAULT_GROUP%40%40simple4h-user&udpPort=63918&encoding=UTF-8 HTTP/1.1" 200 574 4
127.0.0.1 - - [04/Dec/2019:16:20:47 +0800] "GET /nacos/v1/ns/service/list?app=simple4h-user&pageSize=2147483647&groupName=DEFAULT_GROUP&encoding=UTF-8&namespaceId=public&pageNo=1 HTTP/1.1" 200 66 2
127.0.0.1 - - [04/Dec/2019:16:20:47 +0800] "GET /nacos/v1/ns/instance/list?app=simple4h-user&healthyOnly=false&namespaceId=public&clientIP=192.168.10.208&serviceName=DEFAULT_GROUP%40%40simple4h-user&udpPort=63919&encoding=UTF-8 HTTP/1.1" 200 574 2
127.0.0.1 - - [04/Dec/2019:16:20:48 +0800] "PUT /nacos/v1/ns/instance/beat?beat=%7B%22cluster%22%3A%22DEFAULT%22%2C%22ip%22%3A%22192.168.10.208%22%2C%22metadata%22%3A%7B%22preserved.register.source%22%3A%22SPRING_CLOUD%22%7D%2C%22period%22%3A5000%2C%22port%22%3A8000%2C%22scheduled%22%3Afalse%2C%22serviceName%22%3A%22DEFAULT_GROUP%40%40simple4h-user%22%2C%22stopped%22%3Afalse%2C%22weight%22%3A1.0%7D&app=simple4h-user&serviceName=DEFAULT_GROUP%40%40simple4h-user&encoding=UTF-8&namespaceId=public HTTP/1.1" 200 38 2
127.0.0.1 - - [04/Dec/2019:16:20:48 +0800] "DELETE /nacos/v1/ns/instance?app=simple4h-product&namespaceId=public&port=9000&clusterName=DEFAULT&ip=192.168.10.208&ephemeral=true&serviceName=DEFAULT_GROUP%40%40simple4h-product&encoding=UTF-8 HTTP/1.1" 200 2 2
127.0.0.1 - - [04/Dec/2019:16:20:48 +0800] "DELETE /nacos/v1/ns/instance?app=simple4h-user&namespaceId=public&port=8000&clusterName=DEFAULT&ip=192.168.10.208&ephemeral=true&serviceName=DEFAULT_GROUP%40%40simple4h-user&encoding=UTF-8 HTTP/1.1" 200 2 2
192.168.10.208 - - [04/Dec/2019:16:20:49 +0800] "GET /nacos/v1/cs/health HTTP/1.1" 200 2 2
127.0.0.1 - - [04/Dec/2019:16:20:53 +0800] "POST /nacos/v1/cs/configs/listener HTTP/1.1" 200 - 4
127.0.0.1 - - [04/Dec/2019:16:20:53 +0800] "GET /nacos/v1/cs/configs?dataId=sentinel-dashboard&group=DEFAULT_GROUP HTTP/1.1" 404 22 8
127.0.0.1 - - [04/Dec/2019:16:20:53 +0800] "GET /nacos/v1/ns/service/list?app=simple4h-user&pageSize=2147483647&groupName=DEFAULT_GROUP&encoding=UTF-8&namespaceId=public&pageNo=1 HTTP/1.1" 200 66 2
127.0.0.1 - - [04/Dec/2019:16:20:53 +0800] "GET /nacos/v1/ns/instance/list?app=simple4h-user&healthyOnly=false&namespaceId=public&clientIP=192.168.10.208&serviceName=DEFAULT_GROUP%40%40simple4h-product&udpPort=65291&encoding=UTF-8 HTTP/1.1" 200 258 2
127.0.0.1 - - [04/Dec/2019:16:20:53 +0800] "GET /nacos/v1/ns/instance/list?app=simple4h-user&healthyOnly=false&namespaceId=public&clientIP=192.168.10.208&serviceName=DEFAULT_GROUP%40%40simple4h-user&udpPort=65291&encoding=UTF-8 HTTP/1.1" 200 253 1
127.0.0.1 - - [04/Dec/2019:16:20:53 +0800] "POST /nacos/v1/ns/instance?app=simple4h-user&metadata=%7B%22preserved.register.source%22%3A%22SPRING_CLOUD%22%7D&ip=192.168.10.208&weight=1.0&ephemeral=true&serviceName=DEFAULT_GROUP%40%40simple4h-user&encoding=UTF-8&groupName=DEFAULT_GROUP&namespaceId=public&port=8000&enable=true&healthy=true&clusterName=DEFAULT HTTP/1.1" 200 2 1
192.168.10.208 - - [04/Dec/2019:16:20:54 +0800] "GET /nacos/v1/cs/health HTTP/1.1" 200 2 1
127.0.0.1 - - [04/Dec/2019:16:20:54 +0800] "GET /nacos/v1/ns/instance/list?app=simple4h-user&healthyOnly=false&namespaceId=public&clientIP=192.168.10.208&serviceName=DEFAULT_GROUP%40%40simple4h-product&udpPort=65291&encoding=UTF-8 HTTP/1.1" 200 258 2
127.0.0.1 - - [04/Dec/2019:16:20:54 +0800] "GET /nacos/v1/ns/instance/list?app=simple4h-user&healthyOnly=false&namespaceId=public&clientIP=192.168.10.208&serviceName=DEFAULT_GROUP%40%40simple4h-user&udpPort=65291&encoding=UTF-8 HTTP/1.1" 200 574 5
127.0.0.1 - - [04/Dec/2019:16:20:56 +0800] "POST /nacos/v1/cs/configs/listener HTTP/1.1" 200 - 1
127.0.0.1 - - [04/Dec/2019:16:20:56 +0800] "GET /nacos/v1/cs/configs?dataId=sentinel-dashboard&group=DEFAULT_GROUP HTTP/1.1" 404 22 2
127.0.0.1 - - [04/Dec/2019:16:20:56 +0800] "GET /nacos/v1/ns/service/list?app=simple4h-product&pageSize=2147483647&groupName=DEFAULT_GROUP&encoding=UTF-8&namespaceId=public&pageNo=1 HTTP/1.1" 200 66 1
127.0.0.1 - - [04/Dec/2019:16:20:56 +0800] "GET /nacos/v1/ns/instance/list?app=simple4h-product&healthyOnly=false&namespaceId=public&clientIP=192.168.10.208&serviceName=DEFAULT_GROUP%40%40simple4h-product&udpPort=65292&encoding=UTF-8 HTTP/1.1" 200 258 2
127.0.0.1 - - [04/Dec/2019:16:20:56 +0800] "GET /nacos/v1/ns/instance/list?app=simple4h-product&healthyOnly=false&namespaceId=public&clientIP=192.168.10.208&serviceName=DEFAULT_GROUP%40%40simple4h-user&udpPort=65292&encoding=UTF-8 HTTP/1.1" 200 574 1
127.0.0.1 - - [04/Dec/2019:16:20:56 +0800] "POST /nacos/v1/ns/instance?app=simple4h-product&metadata=%7B%22preserved.register.source%22%3A%22SPRING_CLOUD%22%7D&ip=192.168.10.208&weight=1.0&ephemeral=true&serviceName=DEFAULT_GROUP%40%40simple4h-product&encoding=UTF-8&groupName=DEFAULT_GROUP&namespaceId=public&port=9000&enable=true&healthy=true&clusterName=DEFAULT HTTP/1.1" 200 2 3
127.0.0.1 - - [04/Dec/2019:16:20:57 +0800] "GET /nacos/v1/ns/instance/list?app=simple4h-product&healthyOnly=false&namespaceId=public&clientIP=192.168.10.208&serviceName=DEFAULT_GROUP%40%40simple4h-product&udpPort=65292&encoding=UTF-8 HTTP/1.1" 200 586 2
127.0.0.1 - - [04/Dec/2019:16:20:57 +0800] "GET /nacos/v1/ns/instance/list?app=simple4h-product&healthyOnly=false&namespaceId=public&clientIP=192.168.10.208&serviceName=DEFAULT_GROUP%40%40simple4h-user&udpPort=65292&encoding=UTF-8 HTTP/1.1" 200 574 2
127.0.0.1 - - [04/Dec/2019:16:20:58 +0800] "PUT /nacos/v1/ns/instance/beat?beat=%7B%22cluster%22%3A%22DEFAULT%22%2C%22ip%22%3A%22192.168.10.208%22%2C%22metadata%22%3A%7B%22preserved.register.source%22%3A%22SPRING_CLOUD%22%7D%2C%22period%22%3A5000%2C%22port%22%3A8000%2C%22scheduled%22%3Afalse%2C%22serviceName%22%3A%22DEFAULT_GROUP%40%40simple4h-user%22%2C%22stopped%22%3Afalse%2C%22weight%22%3A1.0%7D&app=simple4h-user&serviceName=DEFAULT_GROUP%40%40simple4h-user&encoding=UTF-8&namespaceId=public HTTP/1.1" 200 38 3
192.168.10.208 - - [04/Dec/2019:16:20:59 +0800] "GET /nacos/v1/cs/health HTTP/1.1" 200 2 1
127.0.0.1 - - [04/Dec/2019:16:21:01 +0800] "PUT /nacos/v1/ns/instance/beat?beat=%7B%22cluster%22%3A%22DEFAULT%22%2C%22ip%22%3A%22192.168.10.208%22%2C%22metadata%22%3A%7B%22preserved.register.source%22%3A%22SPRING_CLOUD%22%7D%2C%22period%22%3A5000%2C%22port%22%3A9000%2C%22scheduled%22%3Afalse%2C%22serviceName%22%3A%22DEFAULT_GROUP%40%40simple4h-product%22%2C%22stopped%22%3Afalse%2C%22weight%22%3A1.0%7D&app=simple4h-product&serviceName=DEFAULT_GROUP%40%40simple4h-product&encoding=UTF-8&namespaceId=public HTTP/1.1" 200 38 2
127.0.0.1 - - [04/Dec/2019:16:21:03 +0800] "PUT /nacos/v1/ns/instance/beat?beat=%7B%22cluster%22%3A%22DEFAULT%22%2C%22ip%22%3A%22192.168.10.208%22%2C%22metadata%22%3A%7B%22preserved.register.source%22%3A%22SPRING_CLOUD%22%7D%2C%22period%22%3A5000%2C%22port%22%3A8000%2C%22scheduled%22%3Afalse%2C%22serviceName%22%3A%22DEFAULT_GROUP%40%40simple4h-user%22%2C%22stopped%22%3Afalse%2C%22weight%22%3A1.0%7D&app=simple4h-user&serviceName=DEFAULT_GROUP%40%40simple4h-user&encoding=UTF-8&namespaceId=public HTTP/1.1" 200 38 3
192.168.10.208 - - [04/Dec/2019:16:21:04 +0800] "GET /nacos/v1/cs/health HTTP/1.1" 200 2 2
127.0.0.1 - - [04/Dec/2019:16:21:04 +0800] "GET /nacos/v1/ns/instance/list?app=simple4h-user&healthyOnly=false&namespaceId=public&clientIP=192.168.10.208&serviceName=DEFAULT_GROUP%40%40simple4h-product&udpPort=65291&encoding=UTF-8 HTTP/1.1" 200 586 2
127.0.0.1 - - [04/Dec/2019:16:21:04 +0800] "GET /nacos/v1/ns/instance/list?app=simple4h-user&healthyOnly=false&namespaceId=public&clientIP=192.168.10.208&serviceName=DEFAULT_GROUP%40%40simple4h-user&udpPort=65291&encoding=UTF-8 HTTP/1.1" 200 574 2
127.0.0.1 - - [04/Dec/2019:16:21:06 +0800] "PUT /nacos/v1/ns/instance/beat?beat=%7B%22cluster%22%3A%22DEFAULT%22%2C%22ip%22%3A%22192.168.10.208%22%2C%22metadata%22%3A%7B%22preserved.register.source%22%3A%22SPRING_CLOUD%22%7D%2C%22period%22%3A5000%2C%22port%22%3A9000%2C%22scheduled%22%3Afalse%2C%22serviceName%22%3A%22DEFAULT_GROUP%40%40simple4h-product%22%2C%22stopped%22%3Afalse%2C%22weight%22%3A1.0%7D&app=simple4h-product&serviceName=DEFAULT_GROUP%40%40simple4h-product&encoding=UTF-8&namespaceId=public HTTP/1.1" 200 38 3
127.0.0.1 - - [04/Dec/2019:16:21:07 +0800] "GET /nacos/v1/ns/instance/list?app=simple4h-product&healthyOnly=false&namespaceId=public&clientIP=192.168.10.208&serviceName=DEFAULT_GROUP%40%40simple4h-product&udpPort=65292&encoding=UTF-8 HTTP/1.1" 200 586 2
127.0.0.1 - - [04/Dec/2019:16:21:07 +0800] "GET /nacos/v1/ns/instance/list?app=simple4h-product&healthyOnly=false&namespaceId=public&clientIP=192.168.10.208&serviceName=DEFAULT_GROUP%40%40simple4h-user&udpPort=65292&encoding=UTF-8 HTTP/1.1" 200 574 2
127.0.0.1 - - [04/Dec/2019:16:21:08 +0800] "PUT /nacos/v1/ns/instance/beat?beat=%7B%22cluster%22%3A%22DEFAULT%22%2C%22ip%22%3A%22192.168.10.208%22%2C%22metadata%22%3A%7B%22preserved.register.source%22%3A%22SPRING_CLOUD%22%7D%2C%22period%22%3A5000%2C%22port%22%3A8000%2C%22scheduled%22%3Afalse%2C%22serviceName%22%3A%22DEFAULT_GROUP%40%40simple4h-user%22%2C%22stopped%22%3Afalse%2C%22weight%22%3A1.0%7D&app=simple4h-user&serviceName=DEFAULT_GROUP%40%40simple4h-user&encoding=UTF-8&namespaceId=public HTTP/1.1" 200 38 2
192.168.10.208 - - [04/Dec/2019:16:21:09 +0800] "GET /nacos/v1/cs/health HTTP/1.1" 200 2 2
127.0.0.1 - - [04/Dec/2019:16:21:11 +0800] "PUT /nacos/v1/ns/instance/beat?beat=%7B%22cluster%22%3A%22DEFAULT%22%2C%22ip%22%3A%22192.168.10.208%22%2C%22metadata%22%3A%7B%22preserved.register.source%22%3A%22SPRING_CLOUD%22%7D%2C%22period%22%3A5000%2C%22port%22%3A9000%2C%22scheduled%22%3Afalse%2C%22serviceName%22%3A%22DEFAULT_GROUP%40%40simple4h-product%22%2C%22stopped%22%3Afalse%2C%22weight%22%3A1.0%7D&app=simple4h-product&serviceName=DEFAULT_GROUP%40%40simple4h-product&encoding=UTF-8&namespaceId=public HTTP/1.1" 200 38 2
127.0.0.1 - - [04/Dec/2019:16:21:13 +0800] "PUT /nacos/v1/ns/instance/beat?beat=%7B%22cluster%22%3A%22DEFAULT%22%2C%22ip%22%3A%22192.168.10.208%22%2C%22metadata%22%3A%7B%22preserved.register.source%22%3A%22SPRING_CLOUD%22%7D%2C%22period%22%3A5000%2C%22port%22%3A8000%2C%22scheduled%22%3Afalse%2C%22serviceName%22%3A%22DEFAULT_GROUP%40%40simple4h-user%22%2C%22stopped%22%3Afalse%2C%22weight%22%3A1.0%7D&app=simple4h-user&serviceName=DEFAULT_GROUP%40%40simple4h-user&encoding=UTF-8&namespaceId=public HTTP/1.1" 200 38 2
192.168.10.208 - - [04/Dec/2019:16:21:14 +0800] "GET /nacos/v1/cs/health HTTP/1.1" 200 2 1
127.0.0.1 - - [04/Dec/2019:16:21:14 +0800] "GET /nacos/v1/ns/instance/list?app=simple4h-user&healthyOnly=false&namespaceId=public&clientIP=192.168.10.208&serviceName=DEFAULT_GROUP%40%40simple4h-product&udpPort=65291&encoding=UTF-8 HTTP/1.1" 200 586 2
127.0.0.1 - - [04/Dec/2019:16:21:14 +0800] "GET /nacos/v1/ns/instance/list?app=simple4h-user&healthyOnly=false&namespaceId=public&clientIP=192.168.10.208&serviceName=DEFAULT_GROUP%40%40simple4h-user&udpPort=65291&encoding=UTF-8 HTTP/1.1" 200 574 1
127.0.0.1 - - [04/Dec/2019:16:21:16 +0800] "PUT /nacos/v1/ns/instance/beat?beat=%7B%22cluster%22%3A%22DEFAULT%22%2C%22ip%22%3A%22192.168.10.208%22%2C%22metadata%22%3A%7B%22preserved.register.source%22%3A%22SPRING_CLOUD%22%7D%2C%22period%22%3A5000%2C%22port%22%3A9000%2C%22scheduled%22%3Afalse%2C%22serviceName%22%3A%22DEFAULT_GROUP%40%40simple4h-product%22%2C%22stopped%22%3Afalse%2C%22weight%22%3A1.0%7D&app=simple4h-product&serviceName=DEFAULT_GROUP%40%40simple4h-product&encoding=UTF-8&namespaceId=public HTTP/1.1" 200 38 2
127.0.0.1 - - [04/Dec/2019:16:21:17 +0800] "GET /nacos/v1/ns/instance/list?app=simple4h-product&healthyOnly=false&namespaceId=public&clientIP=192.168.10.208&serviceName=DEFAULT_GROUP%40%40simple4h-product&udpPort=65292&encoding=UTF-8 HTTP/1.1" 200 586 1
127.0.0.1 - - [04/Dec/2019:16:21:17 +0800] "GET /nacos/v1/ns/instance/list?app=simple4h-product&healthyOnly=false&namespaceId=public&clientIP=192.168.10.208&serviceName=DEFAULT_GROUP%40%40simple4h-user&udpPort=65292&encoding=UTF-8 HTTP/1.1" 200 574 2
127.0.0.1 - - [04/Dec/2019:16:21:18 +0800] "PUT /nacos/v1/ns/instance/beat?beat=%7B%22cluster%22%3A%22DEFAULT%22%2C%22ip%22%3A%22192.168.10.208%22%2C%22metadata%22%3A%7B%22preserved.register.source%22%3A%22SPRING_CLOUD%22%7D%2C%22period%22%3A5000%2C%22port%22%3A8000%2C%22scheduled%22%3Afalse%2C%22serviceName%22%3A%22DEFAULT_GROUP%40%40simple4h-user%22%2C%22stopped%22%3Afalse%2C%22weight%22%3A1.0%7D&app=simple4h-user&serviceName=DEFAULT_GROUP%40%40simple4h-user&encoding=UTF-8&namespaceId=public HTTP/1.1" 200 38 1
192.168.10.208 - - [04/Dec/2019:16:21:19 +0800] "GET /nacos/v1/cs/health HTTP/1.1" 200 2 1
0:0:0:0:0:0:0:1 - - [04/Dec/2019:16:21:19 +0800] "GET /nacos/v1/ns/catalog/services?hasIpCount=true&withInstances=false&pageNo=1&pageSize=10&serviceNameParam=&groupNameParam=&namespaceId= HTTP/1.1" 200 300 2
0:0:0:0:0:0:0:1 - - [04/Dec/2019:16:21:20 +0800] "GET /nacos/v1/ns/catalog/services?hasIpCount=true&withInstances=false&pageNo=1&pageSize=10&serviceNameParam=&groupNameParam=&namespaceId= HTTP/1.1" 200 300 2
0:0:0:0:0:0:0:1 - - [04/Dec/2019:16:21:20 +0800] "GET /nacos/v1/ns/catalog/services?hasIpCount=true&withInstances=false&pageNo=1&pageSize=10&serviceNameParam=&groupNameParam=&namespaceId= HTTP/1.1" 200 300 1
127.0.0.1 - - [04/Dec/2019:16:21:21 +0800] "PUT /nacos/v1/ns/instance/beat?beat=%7B%22cluster%22%3A%22DEFAULT%22%2C%22ip%22%3A%22192.168.10.208%22%2C%22metadata%22%3A%7B%22preserved.register.source%22%3A%22SPRING_CLOUD%22%7D%2C%22period%22%3A5000%2C%22port%22%3A9000%2C%22scheduled%22%3Afalse%2C%22serviceName%22%3A%22DEFAULT_GROUP%40%40simple4h-product%22%2C%22stopped%22%3Afalse%2C%22weight%22%3A1.0%7D&app=simple4h-product&serviceName=DEFAULT_GROUP%40%40simple4h-product&encoding=UTF-8&namespaceId=public HTTP/1.1" 200 38 2
127.0.0.1 - - [04/Dec/2019:16:21:23 +0800] "POST /nacos/v1/cs/configs/listener HTTP/1.1" 200 - 29508
127.0.0.1 - - [04/Dec/2019:16:21:23 +0800] "GET /nacos/v1/ns/service/list?app=simple4h-user&pageSize=2147483647&groupName=DEFAULT_GROUP&encoding=UTF-8&namespaceId=public&pageNo=1 HTTP/1.1" 200 66 1
127.0.0.1 - - [04/Dec/2019:16:21:23 +0800] "PUT /nacos/v1/ns/instance/beat?beat=%7B%22cluster%22%3A%22DEFAULT%22%2C%22ip%22%3A%22192.168.10.208%22%2C%22metadata%22%3A%7B%22preserved.register.source%22%3A%22SPRING_CLOUD%22%7D%2C%22period%22%3A5000%2C%22port%22%3A8000%2C%22scheduled%22%3Afalse%2C%22serviceName%22%3A%22DEFAULT_GROUP%40%40simple4h-user%22%2C%22stopped%22%3Afalse%2C%22weight%22%3A1.0%7D&app=simple4h-user&serviceName=DEFAULT_GROUP%40%40simple4h-user&encoding=UTF-8&namespaceId=public HTTP/1.1" 200 38 2
192.168.10.208 - - [04/Dec/2019:16:21:24 +0800] "GET /nacos/v1/cs/health HTTP/1.1" 200 2 1
127.0.0.1 - - [04/Dec/2019:16:21:24 +0800] "GET /nacos/v1/ns/instance/list?app=simple4h-user&healthyOnly=false&namespaceId=public&clientIP=192.168.10.208&serviceName=DEFAULT_GROUP%40%40simple4h-user&udpPort=65291&encoding=UTF-8 HTTP/1.1" 200 574 3
127.0.0.1 - - [04/Dec/2019:16:21:24 +0800] "GET /nacos/v1/ns/instance/list?app=simple4h-user&healthyOnly=false&namespaceId=public&clientIP=192.168.10.208&serviceName=DEFAULT_GROUP%40%40simple4h-product&udpPort=65291&encoding=UTF-8 HTTP/1.1" 200 586 3
127.0.0.1 - - [04/Dec/2019:16:21:25 +0800] "POST /nacos/v1/cs/configs/listener HTTP/1.1" 200 - 29507
127.0.0.1 - - [04/Dec/2019:16:21:26 +0800] "GET /nacos/v1/ns/service/list?app=simple4h-product&pageSize=2147483647&groupName=DEFAULT_GROUP&encoding=UTF-8&namespaceId=public&pageNo=1 HTTP/1.1" 200 66 1
127.0.0.1 - - [04/Dec/2019:16:21:26 +0800] "PUT /nacos/v1/ns/instance/beat?beat=%7B%22cluster%22%3A%22DEFAULT%22%2C%22ip%22%3A%22192.168.10.208%22%2C%22metadata%22%3A%7B%22preserved.register.source%22%3A%22SPRING_CLOUD%22%7D%2C%22period%22%3A5000%2C%22port%22%3A9000%2C%22scheduled%22%3Afalse%2C%22serviceName%22%3A%22DEFAULT_GROUP%40%40simple4h-product%22%2C%22stopped%22%3Afalse%2C%22weight%22%3A1.0%7D&app=simple4h-product&serviceName=DEFAULT_GROUP%40%40simple4h-product&encoding=UTF-8&namespaceId=public HTTP/1.1" 200 38 2
127.0.0.1 - - [04/Dec/2019:16:21:27 +0800] "GET /nacos/v1/ns/instance/list?app=simple4h-product&healthyOnly=false&namespaceId=public&clientIP=192.168.10.208&serviceName=DEFAULT_GROUP%40%40simple4h-product&udpPort=65292&encoding=UTF-8 HTTP/1.1" 200 586 2
127.0.0.1 - - [04/Dec/2019:16:21:27 +0800] "GET /nacos/v1/ns/instance/list?app=simple4h-product&healthyOnly=false&namespaceId=public&clientIP=192.168.10.208&serviceName=DEFAULT_GROUP%40%40simple4h-user&udpPort=65292&encoding=UTF-8 HTTP/1.1" 200 574 2
127.0.0.1 - - [04/Dec/2019:16:21:28 +0800] "PUT /nacos/v1/ns/instance/beat?beat=%7B%22cluster%22%3A%22DEFAULT%22%2C%22ip%22%3A%22192.168.10.208%22%2C%22metadata%22%3A%7B%22preserved.register.source%22%3A%22SPRING_CLOUD%22%7D%2C%22period%22%3A5000%2C%22port%22%3A8000%2C%22scheduled%22%3Afalse%2C%22serviceName%22%3A%22DEFAULT_GROUP%40%40simple4h-user%22%2C%22stopped%22%3Afalse%2C%22weight%22%3A1.0%7D&app=simple4h-user&serviceName=DEFAULT_GROUP%40%40simple4h-user&encoding=UTF-8&namespaceId=public HTTP/1.1" 200 38 2
192.168.10.208 - - [04/Dec/2019:16:21:29 +0800] "GET /nacos/v1/cs/health HTTP/1.1" 200 2 1
127.0.0.1 - - [04/Dec/2019:16:21:31 +0800] "PUT /nacos/v1/ns/instance/beat?beat=%7B%22cluster%22%3A%22DEFAULT%22%2C%22ip%22%3A%22192.168.10.208%22%2C%22metadata%22%3A%7B%22preserved.register.source%22%3A%22SPRING_CLOUD%22%7D%2C%22period%22%3A5000%2C%22port%22%3A9000%2C%22scheduled%22%3Afalse%2C%22serviceName%22%3A%22DEFAULT_GROUP%40%40simple4h-product%22%2C%22stopped%22%3Afalse%2C%22weight%22%3A1.0%7D&app=simple4h-product&serviceName=DEFAULT_GROUP%40%40simple4h-product&encoding=UTF-8&namespaceId=public HTTP/1.1" 200 38 2
127.0.0.1 - - [04/Dec/2019:16:21:33 +0800] "PUT /nacos/v1/ns/instance/beat?beat=%7B%22cluster%22%3A%22DEFAULT%22%2C%22ip%22%3A%22192.168.10.208%22%2C%22metadata%22%3A%7B%22preserved.register.source%22%3A%22SPRING_CLOUD%22%7D%2C%22period%22%3A5000%2C%22port%22%3A8000%2C%22scheduled%22%3Afalse%2C%22serviceName%22%3A%22DEFAULT_GROUP%40%40simple4h-user%22%2C%22stopped%22%3Afalse%2C%22weight%22%3A1.0%7D&app=simple4h-user&serviceName=DEFAULT_GROUP%40%40simple4h-user&encoding=UTF-8&namespaceId=public HTTP/1.1" 200 38 2
192.168.10.208 - - [04/Dec/2019:16:21:34 +0800] "GET /nacos/v1/cs/health HTTP/1.1" 200 2 2
127.0.0.1 - - [04/Dec/2019:16:21:34 +0800] "GET /nacos/v1/ns/instance/list?app=simple4h-user&healthyOnly=false&namespaceId=public&clientIP=192.168.10.208&serviceName=DEFAULT_GROUP%40%40simple4h-product&udpPort=65291&encoding=UTF-8 HTTP/1.1" 200 586 2
127.0.0.1 - - [04/Dec/2019:16:21:34 +0800] "GET /nacos/v1/ns/instance/list?app=simple4h-user&healthyOnly=false&namespaceId=public&clientIP=192.168.10.208&serviceName=DEFAULT_GROUP%40%40simple4h-user&udpPort=65291&encoding=UTF-8 HTTP/1.1" 200 574 2
127.0.0.1 - - [04/Dec/2019:16:21:36 +0800] "PUT /nacos/v1/ns/instance/beat?beat=%7B%22cluster%22%3A%22DEFAULT%22%2C%22ip%22%3A%22192.168.10.208%22%2C%22metadata%22%3A%7B%22preserved.register.source%22%3A%22SPRING_CLOUD%22%7D%2C%22period%22%3A5000%2C%22port%22%3A9000%2C%22scheduled%22%3Afalse%2C%22serviceName%22%3A%22DEFAULT_GROUP%40%40simple4h-product%22%2C%22stopped%22%3Afalse%2C%22weight%22%3A1.0%7D&app=simple4h-product&serviceName=DEFAULT_GROUP%40%40simple4h-product&encoding=UTF-8&namespaceId=public HTTP/1.1" 200 38 2
127.0.0.1 - - [04/Dec/2019:16:21:37 +0800] "GET /nacos/v1/ns/instance/list?app=simple4h-product&healthyOnly=false&namespaceId=public&clientIP=192.168.10.208&serviceName=DEFAULT_GROUP%40%40simple4h-product&udpPort=65292&encoding=UTF-8 HTTP/1.1" 200 586 2
127.0.0.1 - - [04/Dec/2019:16:21:37 +0800] "GET /nacos/v1/ns/instance/list?app=simple4h-product&healthyOnly=false&namespaceId=public&clientIP=192.168.10.208&serviceName=DEFAULT_GROUP%40%40simple4h-user&udpPort=65292&encoding=UTF-8 HTTP/1.1" 200 574 2
127.0.0.1 - - [04/Dec/2019:16:21:38 +0800] "PUT /nacos/v1/ns/instance/beat?beat=%7B%22cluster%22%3A%22DEFAULT%22%2C%22ip%22%3A%22192.168.10.208%22%2C%22metadata%22%3A%7B%22preserved.register.source%22%3A%22SPRING_CLOUD%22%7D%2C%22period%22%3A5000%2C%22port%22%3A8000%2C%22scheduled%22%3Afalse%2C%22serviceName%22%3A%22DEFAULT_GROUP%40%40simple4h-user%22%2C%22stopped%22%3Afalse%2C%22weight%22%3A1.0%7D&app=simple4h-user&serviceName=DEFAULT_GROUP%40%40simple4h-user&encoding=UTF-8&namespaceId=public HTTP/1.1" 200 38 2
192.168.10.208 - - [04/Dec/2019:16:21:39 +0800] "GET /nacos/v1/cs/health HTTP/1.1" 200 2 1
127.0.0.1 - - [04/Dec/2019:16:21:40 +0800] "DELETE /nacos/v1/ns/instance?app=simple4h-product&namespaceId=public&port=9000&clusterName=DEFAULT&ip=192.168.10.208&ephemeral=true&serviceName=DEFAULT_GROUP%40%40simple4h-product&encoding=UTF-8 HTTP/1.1" 200 2 1
127.0.0.1 - - [04/Dec/2019:16:21:40 +0800] "DELETE /nacos/v1/ns/instance?app=simple4h-user&namespaceId=public&port=8000&clusterName=DEFAULT&ip=192.168.10.208&ephemeral=true&serviceName=DEFAULT_GROUP%40%40simple4h-user&encoding=UTF-8 HTTP/1.1" 200 2 1
